$ /home/kebap/Desktop/workspace/34/aim-lab-test-1/.venv/bin/python scripts/setup_support.py cached --stage install-cuda --config /home/kebap/Desktop/workspace/34/aim-lab-test-1/reports/setup/20260920_220102_4175560/effective_config.json --log /home/kebap/Desktop/workspace/34/aim-lab-test-1/reports/setup/20260920_220102_4175560/04.log --status-file /home/kebap/Desktop/workspace/34/aim-lab-test-1/reports/setup/20260920_220102_4175560/reused-4 -- /home/kebap/miniforge3/bin/uv pip install --python /home/kebap/Desktop/workspace/34/aim-lab-test-1/.venv/bin/python torch==2.5.1+cu121 torchvision==0.20.1+cu121 --index-url https://download.pytorch.org/whl/cu121 
[재사용] install-cuda; 이전 성공 로그: /home/kebap/Desktop/workspace/34/aim-lab-test-1/reports/setup/20260920_214256_4099535/04.log; 원본 commit: 752294d605128755485d7e3f1d638f393786b6f2; fingerprint: 70b48cdc7eb87671937f37012f5da2020f85249e9dc034314575ee8ae1a96729
$ /home/kebap/Desktop/workspace/34/aim-lab-test-1/.venv/bin/python scripts/setup_support.py cached --stage install-cuda --config /home/kebap/Desktop/workspace/34/aim-lab-test-1/reports/setup/20260920_214256_4099535/effective_config.json --log /home/kebap/Desktop/workspace/34/aim-lab-test-1/reports/setup/20260920_214256_4099535/04.log --status-file /home/kebap/Desktop/workspace/34/aim-lab-test-1/reports/setup/20260920_214256_4099535/reused-4 -- /home/kebap/miniforge3/bin/uv pip install --python /home/kebap/Desktop/workspace/34/aim-lab-test-1/.venv/bin/python torch==2.5.1+cu121 torchvision==0.20.1+cu121 --index-url https://download.pytorch.org/whl/cu121 
[실행] install-cuda
Audited 2 packages in 5ms
$ /home/kebap/Desktop/workspace/34/aim-lab-test-1/.venv/bin/python scripts/setup_support.py cached --stage install-requirements --config /home/kebap/Desktop/workspace/34/aim-lab-test-1/reports/setup/20260920_214256_4099535/effective_config.json --log /home/kebap/Desktop/workspace/34/aim-lab-test-1/reports/setup/20260920_214256_4099535/04.log --status-file /home/kebap/Desktop/workspace/34/aim-lab-test-1/reports/setup/20260920_214256_4099535/reused-4 -- /home/kebap/miniforge3/bin/uv pip install --python /home/kebap/Desktop/workspace/34/aim-lab-test-1/.venv/bin/python -r /home/kebap/Desktop/workspace/34/aim-lab-test-1/requirements.txt 
[실행] install-requirements
Audited 10 packages in 10ms
$ /home/kebap/miniforge3/bin/uv pip check --python /home/kebap/Desktop/workspace/34/aim-lab-test-1/.venv/bin/python 
Checked 42 packages in 1ms
All installed packages are compatible
$ /home/kebap/Desktop/workspace/34/aim-lab-test-1/.venv/bin/python -c import\ torch\;\ print\(\"PyTorch:\"\,\ torch.__version__\,\ \"CUDA\ runtime:\"\,\ torch.version.cuda\)\;\ assert\ torch.cuda.is_available\(\)\,\ \"CUDA\ 사용\ 불가:\ NVIDIA\ 드라이버와\ PyTorch\ 설치를\ 확인하세요.\"\;\ print\(\"GPU:\"\,\ torch.cuda.get_device_name\(0\)\)\;\ print\(\"VRAM\ GiB:\"\,\ round\(torch.cuda.get_device_properties\(0\).total_memory\ /\ 1024\*\*3\,\ 2\)\) 
PyTorch: 2.5.1+cu121 CUDA runtime: 12.1
GPU: NVIDIA RTX A5000
VRAM GiB: 23.54

$ /home/kebap/Desktop/workspace/34/aim-lab-test-1/.venv/bin/python scripts/setup_support.py cached --stage install-requirements --config /home/kebap/Desktop/workspace/34/aim-lab-test-1/reports/setup/20260920_220102_4175560/effective_config.json --log /home/kebap/Desktop/workspace/34/aim-lab-test-1/reports/setup/20260920_220102_4175560/04.log --status-file /home/kebap/Desktop/workspace/34/aim-lab-test-1/reports/setup/20260920_220102_4175560/reused-4 -- /home/kebap/miniforge3/bin/uv pip install --python /home/kebap/Desktop/workspace/34/aim-lab-test-1/.venv/bin/python -r /home/kebap/Desktop/workspace/34/aim-lab-test-1/requirements.txt 
[재사용] install-requirements; 이전 성공 로그: /home/kebap/Desktop/workspace/34/aim-lab-test-1/reports/setup/20260920_214256_4099535/04.log; 원본 commit: 752294d605128755485d7e3f1d638f393786b6f2; fingerprint: 6a60382731f77a542873868f9a65575960297f06d6e952f2ba803c9ae2a7beb5
$ /home/kebap/Desktop/workspace/34/aim-lab-test-1/.venv/bin/python scripts/setup_support.py cached --stage install-cuda --config /home/kebap/Desktop/workspace/34/aim-lab-test-1/reports/setup/20260920_214256_4099535/effective_config.json --log /home/kebap/Desktop/workspace/34/aim-lab-test-1/reports/setup/20260920_214256_4099535/04.log --status-file /home/kebap/Desktop/workspace/34/aim-lab-test-1/reports/setup/20260920_214256_4099535/reused-4 -- /home/kebap/miniforge3/bin/uv pip install --python /home/kebap/Desktop/workspace/34/aim-lab-test-1/.venv/bin/python torch==2.5.1+cu121 torchvision==0.20.1+cu121 --index-url https://download.pytorch.org/whl/cu121 
[실행] install-cuda
Audited 2 packages in 5ms
$ /home/kebap/Desktop/workspace/34/aim-lab-test-1/.venv/bin/python scripts/setup_support.py cached --stage install-requirements --config /home/kebap/Desktop/workspace/34/aim-lab-test-1/reports/setup/20260920_214256_4099535/effective_config.json --log /home/kebap/Desktop/workspace/34/aim-lab-test-1/reports/setup/20260920_214256_4099535/04.log --status-file /home/kebap/Desktop/workspace/34/aim-lab-test-1/reports/setup/20260920_214256_4099535/reused-4 -- /home/kebap/miniforge3/bin/uv pip install --python /home/kebap/Desktop/workspace/34/aim-lab-test-1/.venv/bin/python -r /home/kebap/Desktop/workspace/34/aim-lab-test-1/requirements.txt 
[실행] install-requirements
Audited 10 packages in 10ms
$ /home/kebap/miniforge3/bin/uv pip check --python /home/kebap/Desktop/workspace/34/aim-lab-test-1/.venv/bin/python 
Checked 42 packages in 1ms
All installed packages are compatible
$ /home/kebap/Desktop/workspace/34/aim-lab-test-1/.venv/bin/python -c import\ torch\;\ print\(\"PyTorch:\"\,\ torch.__version__\,\ \"CUDA\ runtime:\"\,\ torch.version.cuda\)\;\ assert\ torch.cuda.is_available\(\)\,\ \"CUDA\ 사용\ 불가:\ NVIDIA\ 드라이버와\ PyTorch\ 설치를\ 확인하세요.\"\;\ print\(\"GPU:\"\,\ torch.cuda.get_device_name\(0\)\)\;\ print\(\"VRAM\ GiB:\"\,\ round\(torch.cuda.get_device_properties\(0\).total_memory\ /\ 1024\*\*3\,\ 2\)\) 
PyTorch: 2.5.1+cu121 CUDA runtime: 12.1
GPU: NVIDIA RTX A5000
VRAM GiB: 23.54

$ /home/kebap/miniforge3/bin/uv pip check --python /home/kebap/Desktop/workspace/34/aim-lab-test-1/.venv/bin/python 
Checked 42 packages in 1ms
All installed packages are compatible
$ /home/kebap/Desktop/workspace/34/aim-lab-test-1/.venv/bin/python -c import\ torch\;\ print\(\"PyTorch:\"\,\ torch.__version__\,\ \"CUDA\ runtime:\"\,\ torch.version.cuda\)\;\ assert\ torch.cuda.is_available\(\)\,\ \"CUDA\ 사용\ 불가:\ NVIDIA\ 드라이버와\ PyTorch\ 설치를\ 확인하세요.\"\;\ print\(\"GPU:\"\,\ torch.cuda.get_device_name\(0\)\)\;\ print\(\"VRAM\ GiB:\"\,\ round\(torch.cuda.get_device_properties\(0\).total_memory\ /\ 1024\*\*3\,\ 2\)\) 
PyTorch: 2.5.1+cu121 CUDA runtime: 12.1
GPU: NVIDIA RTX A5000
VRAM GiB: 23.54
