$ /home/kebap/miniforge3/bin/uv pip install --python /home/kebap/Desktop/workspace/34/aim-lab-test-1/.venv/bin/python torch==2.5.1+cu121 torchvision==0.20.1+cu121 --index-url https://download.pytorch.org/whl/cu121 
Resolved 25 packages in 13.25s
Downloading pillow (6.6MiB)
Downloading networkx (2.0MiB)
Downloading torchvision (6.9MiB)
Downloading nvidia-cudnn-cu12 (634.0MiB)
Downloading numpy (16.1MiB)
Downloading sympy (5.9MiB)
Downloading triton (199.8MiB)
Downloading nvidia-cufft-cu12 (116.0MiB)
Downloading nvidia-nccl-cu12 (179.9MiB)
Downloading nvidia-cuda-nvrtc-cu12 (22.6MiB)
Downloading nvidia-cusparse-cu12 (186.9MiB)
Downloading nvidia-cublas-cu12 (391.6MiB)
Downloading nvidia-cusolver-cu12 (118.4MiB)
Downloading nvidia-cuda-cupti-cu12 (13.5MiB)
Downloading nvidia-nvjitlink-cu12 (37.9MiB)
Downloading nvidia-curand-cu12 (53.9MiB)
 Downloaded torchvision
 Downloaded networkx
 Downloaded nvidia-cuda-cupti-cu12
 Downloaded triton
 Downloaded nvidia-cuda-nvrtc-cu12
 Downloaded sympy
 Downloaded pillow
 Downloaded nvidia-cufft-cu12
 Downloaded numpy
 Downloaded nvidia-nccl-cu12
 Downloaded nvidia-cudnn-cu12
 Downloaded nvidia-nvjitlink-cu12
 Downloaded nvidia-cusparse-cu12
 Downloaded nvidia-curand-cu12
 Downloaded nvidia-cusolver-cu12
 Downloaded nvidia-cublas-cu12
Prepared 24 packages in 1m 34s
Installed 25 packages in 254ms
 + filelock==3.32.3
 + fsspec==2026.7.0
 + jinja2==3.1.6
 + markupsafe==3.0.3
 + mpmath==1.3.0
 + networkx==3.6.1
 + numpy==2.4.6
 + nvidia-cublas-cu12==12.1.3.1
 + nvidia-cuda-cupti-cu12==12.1.105
 + nvidia-cuda-nvrtc-cu12==12.1.105
 + nvidia-cuda-runtime-cu12==12.1.105
 + nvidia-cudnn-cu12==9.1.0.70
 + nvidia-cufft-cu12==11.0.2.54
 + nvidia-curand-cu12==10.3.2.106
 + nvidia-cusolver-cu12==11.4.5.107
 + nvidia-cusparse-cu12==12.1.0.106
 + nvidia-nccl-cu12==2.21.5
 + nvidia-nvjitlink-cu12==12.9.86
 + nvidia-nvtx-cu12==12.1.105
 + pillow==12.3.0
 + sympy==1.13.1
 + torch==2.5.1+cu121
 + torchvision==0.20.1+cu121
 + triton==3.1.0
 + typing-extensions==4.16.0
$ /home/kebap/miniforge3/bin/uv pip install --python /home/kebap/Desktop/workspace/34/aim-lab-test-1/.venv/bin/python -r /home/kebap/Desktop/workspace/34/aim-lab-test-1/requirements.txt 
Resolved 42 packages in 603ms
Downloading kiwisolver (1.4MiB)
Downloading fonttools (5.2MiB)
Downloading pillow (4.2MiB)
Downloading matplotlib (7.9MiB)
Downloading pandas (12.5MiB)
Downloading scipy (39.3MiB)
Downloading numpy (17.4MiB)
 Downloaded kiwisolver
 Downloaded pillow
 Downloaded fonttools
 Downloaded matplotlib
 Downloaded pandas
 Downloaded numpy
 Downloaded scipy
Prepared 12 packages in 4.11s
Uninstalled 2 packages in 33ms
Installed 19 packages in 32ms
 + contourpy==1.3.3
 + cycler==0.12.1
 + fonttools==4.65.0
 + iniconfig==2.3.0
 + kiwisolver==1.5.1
 + matplotlib==3.9.2
 - numpy==2.4.6
 + numpy==1.26.4
 + packaging==26.3
 + pandas==2.2.3
 - pillow==12.3.0
 + pillow==11.0.0
 + pluggy==1.6.0
 + pyparsing==3.2.0
 + pytest==8.3.4
 + python-dateutil==2.9.0.post0
 + pytz==2026.3.post1
 + scipy==1.14.1
 + six==1.17.0
 + tqdm==4.67.1
 + tzdata==2026.4
$ /home/kebap/miniforge3/bin/uv pip check --python /home/kebap/Desktop/workspace/34/aim-lab-test-1/.venv/bin/python 
Checked 42 packages in 0.98ms
All installed packages are compatible
$ /home/kebap/Desktop/workspace/34/aim-lab-test-1/.venv/bin/python -c import\ torch\;\ print\(\"PyTorch:\"\,\ torch.__version__\,\ \"CUDA\ runtime:\"\,\ torch.version.cuda\)\;\ assert\ torch.cuda.is_available\(\)\,\ \"CUDA\ 사용\ 불가:\ NVIDIA\ 드라이버와\ PyTorch\ 설치를\ 확인하세요.\"\;\ print\(\"GPU:\"\,\ torch.cuda.get_device_name\(0\)\)\;\ print\(\"VRAM\ GiB:\"\,\ round\(torch.cuda.get_device_properties\(0\).total_memory\ /\ 1024\*\*3\,\ 2\)\) 
PyTorch: 2.5.1+cu121 CUDA runtime: 12.1
GPU: NVIDIA RTX A5000
VRAM GiB: 23.54
